#-----------------------------------------------------------
# Vivado v2025.2 (64-bit)
# SW Build 6299465 on Fri Nov 14 19:35:11 GMT 2025
# IP Build 6300035 on Fri Nov 14 10:48:45 MST 2025
# SharedData Build 6298862 on Thu Nov 13 04:50:51 MST 2025
# Start of session at: Thu Mar 12 17:21:44 2026
# Process ID         : 32196
# Current directory  : D:/GPU Project/Chip8/GPU Project/Chip-8
# Command line       : vivado.exe -gui_launcher_event rodinguilauncherevent15196 D:\GPU Project\Chip8\GPU Project\Chip-8\Chip-8.xpr
# Log file           : D:/GPU Project/Chip8/GPU Project/Chip-8/vivado.log
# Journal file       : D:/GPU Project/Chip8/GPU Project/Chip-8\vivado.jou
# Running On         : Hancumputer
# Platform           : Windows Server 2016 or Windows 10
# Operating System   : 26200
# Processor Detail   : 12th Gen Intel(R) Core(TM) i7-12700H
# CPU Frequency      : 2688 MHz
# CPU Physical cores : 14
# CPU Logical cores  : 20
# Host memory        : 16890 MB
# Swap memory        : 16642 MB
# Total Virtual      : 33533 MB
# Available Virtual  : 14766 MB
#-----------------------------------------------------------
start_gui
open_project {D:/GPU Project/Chip8/GPU Project/Chip-8/Chip-8.xpr}
update_compile_order -fileset sources_1
launch_runs synth_1 -jobs 10
wait_on_run synth_1
file mkdir D:/GPU Project/Chip8/GPU Project/Chip-8/Chip-8.srcs/sim_1/new
file mkdir D:/GPU Project/Chip8/GPU Project/Chip-8/Chip-8.srcs/sim_1/new
file mkdir D:/GPU Project/Chip8/GPU Project/Chip-8/Chip-8.srcs/sim_1/new
file mkdir D:/GPU Project/Chip8/GPU Project/Chip-8/Chip-8.srcs/sim_1/new
file mkdir D:/GPU Project/Chip8/GPU Project/Chip-8/Chip-8.srcs/sim_1/new
file mkdir D:/GPU Project/Chip8/GPU Project/Chip-8/Chip-8.srcs/sim_1/new
file mkdir D:/GPU Project/Chip8/GPU Project/Chip-8/Chip-8.srcs/sim_1/new
file mkdir D:/GPU Project/Chip8/GPU Project/Chip-8/Chip-8.srcs/sim_1/new
file mkdir D:/GPU Project/Chip8/GPU Project/Chip-8/Chip-8.srcs/sim_1/new
file mkdir D:/GPU Project/Chip8/GPU Project/Chip-8/Chip-8.srcs/sim_1/new
file mkdir D:/GPU Project/Chip8/GPU Project/Chip-8/Chip-8.srcs/sim_1/new
file mkdir D:/GPU Project/Chip8/GPU Project/Chip-8/Chip-8.srcs/sim_1/new
file mkdir D:/GPU Project/Chip8/GPU Project/Chip-8/Chip-8.srcs/sim_1/new
file mkdir D:/GPU Project/Chip8/GPU Project/Chip-8/Chip-8.srcs/sim_1/new
file mkdir D:/GPU Project/Chip8/GPU Project/Chip-8/Chip-8.srcs/sim_1/new
file mkdir D:/GPU Project/Chip8/GPU Project/Chip-8/Chip-8.srcs/sim_1/new
file mkdir D:/GPU Project/Chip8/GPU Project/Chip-8/Chip-8.srcs/sim_1/new
file mkdir D:/GPU Project/Chip8/GPU Project/Chip-8/Chip-8.srcs/sim_1/new
file mkdir D:/GPU Project/Chip8/GPU Project/Chip-8/Chip-8.srcs/sim_1/new
file mkdir D:/GPU Project/Chip8/GPU Project/Chip-8/Chip-8.srcs/sim_1/new
file mkdir D:/GPU Project/Chip8/GPU Project/Chip-8/Chip-8.srcs/sim_1/new
file mkdir D:/GPU Project/Chip8/GPU Project/Chip-8/Chip-8.srcs/sim_1/new
file mkdir D:/GPU Project/Chip8/GPU Project/Chip-8/Chip-8.srcs/sim_1/new
file mkdir D:/GPU Project/Chip8/GPU Project/Chip-8/Chip-8.srcs/sim_1/new
file mkdir D:/GPU Project/Chip8/GPU Project/Chip-8/Chip-8.srcs/sim_1/new
file mkdir D:/GPU Project/Chip8/GPU Project/Chip-8/Chip-8.srcs/sim_1/new
file mkdir D:/GPU Project/Chip8/GPU Project/Chip-8/Chip-8.srcs/sim_1/new
file mkdir D:/GPU Project/Chip8/GPU Project/Chip-8/Chip-8.srcs/sim_1/new
file mkdir D:/GPU Project/Chip8/GPU Project/Chip-8/Chip-8.srcs/sim_1/new
file mkdir D:/GPU Project/Chip8/GPU Project/Chip-8/Chip-8.srcs/sim_1/new
file mkdir D:/GPU Project/Chip8/GPU Project/Chip-8/Chip-8.srcs/sim_1/new
file mkdir D:/GPU Project/Chip8/GPU Project/Chip-8/Chip-8.srcs/sim_1/new
set_property SOURCE_SET sources_1 [get_filesets sim_1]
file mkdir D:/GPU Project/Chip8/GPU Project/Chip-8/Chip-8.srcs/sim_1/new
file mkdir {D:/GPU Project/Chip8/GPU Project/Chip-8/Chip-8.srcs/sim_1/new}
close [ open {D:/GPU Project/Chip8/GPU Project/Chip-8/Chip-8.srcs/sim_1/new/tb_vga_sync.vhd} w ]
add_files -fileset sim_1 {{D:/GPU Project/Chip8/GPU Project/Chip-8/Chip-8.srcs/sim_1/new/tb_vga_sync.vhd}}
close [ open {D:/GPU Project/Chip8/GPU Project/Chip-8/Chip-8.srcs/sim_1/new/tb_vid_ram.vhd} w ]
add_files -fileset sim_1 {{D:/GPU Project/Chip8/GPU Project/Chip-8/Chip-8.srcs/sim_1/new/tb_vid_ram.vhd}}
close [ open {D:/GPU Project/Chip8/GPU Project/Chip-8/Chip-8.srcs/sim_1/new/tb_gpu_renderer.vhd} w ]
add_files -fileset sim_1 {{D:/GPU Project/Chip8/GPU Project/Chip-8/Chip-8.srcs/sim_1/new/tb_gpu_renderer.vhd}}
close [ open {D:/GPU Project/Chip8/GPU Project/Chip-8/Chip-8.srcs/sim_1/new/tb_pc_path.vhd} w ]
add_files -fileset sim_1 {{D:/GPU Project/Chip8/GPU Project/Chip-8/Chip-8.srcs/sim_1/new/tb_pc_path.vhd}}
update_compile_order -fileset sim_1
launch_simulation
source Top_Entity.tcl
# Disabling source management mode.  This is to allow the top design properties to be set without GUI intervention.
set_property source_mgmt_mode None [current_project]
set_property top tb_pc_path [get_filesets sim_1]
set_property top_lib xil_defaultlib [get_filesets sim_1]
# Re-enabling previously disabled source management mode.
set_property source_mgmt_mode All [current_project]
update_compile_order -fileset sim_1
close_sim
launch_simulation
source tb_pc_path.tcl
# Disabling source management mode.  This is to allow the top design properties to be set without GUI intervention.
set_property source_mgmt_mode None [current_project]
set_property top tb_vid_ram [get_filesets sim_1]
set_property top_lib xil_defaultlib [get_filesets sim_1]
# Re-enabling previously disabled source management mode.
set_property source_mgmt_mode All [current_project]
update_compile_order -fileset sim_1
launch_simulation
close_sim
launch_simulation
source tb_vid_ram.tcl
# Disabling source management mode.  This is to allow the top design properties to be set without GUI intervention.
set_property source_mgmt_mode None [current_project]
set_property top tb_gpu_renderer [get_filesets sim_1]
set_property top_lib xil_defaultlib [get_filesets sim_1]
# Re-enabling previously disabled source management mode.
set_property source_mgmt_mode All [current_project]
update_compile_order -fileset sim_1
close_sim
launch_simulation
source tb_gpu_renderer.tcl
close_sim
# Disabling source management mode.  This is to allow the top design properties to be set without GUI intervention.
set_property source_mgmt_mode None [current_project]
set_property top tb_vga_sync [get_filesets sim_1]
set_property top_lib xil_defaultlib [get_filesets sim_1]
# Re-enabling previously disabled source management mode.
set_property source_mgmt_mode All [current_project]
update_compile_order -fileset sim_1
launch_simulation
source tb_vga_sync.tcl
run 100 us
run 10000 us
close_sim
